// Vitest Snapshot v1, https://vitest.dev/guide/snapshot.html

exports[`Button > Button renders correctly 1`] = `
<div>
  <button
    class="my-2 w-full rounded-lg bg-bright-rose text-center font-primaryMedium text-sm uppercase leading-10 tracking-widest text-neutral-100 shadow-btn"
    type="submit"
  >
    Login
  </button>
</div>
`;
