// Vitest Snapshot v1, https://vitest.dev/guide/snapshot.html

exports[`Checkbox > renders correctly 1`] = `
<div>
  <div
    class="justify-beetwen relative mb-4 flex align-middle"
  >
    <input
      class="peer fixed h-5 w-5 opacity-0"
      data-testid="checkbox-toSave"
      id="toSave"
      name="toSave"
      type="checkbox"
    />
    <p
      class="mr-3 inline-block h-5 w-5 rounded-sm border border-neutral-300 p-0 leading-5 text-white peer-checked:border-none peer-checked:bg-bright-rose "
    >
      <svg
        height="16px"
        width="16px"
      >
        <use
          href="/icons.svg#check"
        />
      </svg>
    </p>
    <label
      class="font-primaryMedium leading-5"
      for="toSave"
    >
      Save?
    </label>
  </div>
</div>
`;
